// Jest Snapshot v1, https://goo.gl/fbAQLP

exports[`WeatherDataComponent Should match snapshot 1`] = `
<app-weather-data
  __ngContext__="0"
  checkAttributes={[Function Array]}
  checker={[Function String]}
  dataLocation={[Function Object]}
  dataWithTime={[Function Object]}
  i="0"
  weatherParameters={[Function Object]}
>
  <h1>
    mike
    <br />
    (8/26/22, 2:00 PM)
  </h1><h2>
    Weather is Optimal, GO
  </h2><div
    class="weatherInfo"
  >
    <p>
       Wind speed: 
      <span
        class="dataValue"
      >
        10m/s
      </span>
      <span
        class="optimal"
      >
         Optimal
      </span>
    </p>
    <p>
       Chance of rain: 
      <span
        class="dataValue"
      >
        5%
      </span>
      <span
        class="optimal"
      >
         Optimal
      </span>
    </p>
    <p>
       Visibility: 
      <span
        class="dataValue"
      >
        Very Poor (20m)
      </span>
      <span
        class="optimal"
      >
         Optimal
      </span>
    </p>
  </div>
</app-weather-data>
`;
