// Jest Snapshot v1, https://goo.gl/fbAQLP

exports[`WeatherDataComponent Should match snapshot 1`] = `
<app-weather-data
  __ngContext__="0"
  checkAttributes={[Function Array]}
  checker={[Function String]}
  dataLocation={[Function Object]}
  dataWithTime={[Function Object]}
  i="0"
  weatherParameters={[Function Object]}
>
  <h1>
    mike
    <br />
    (8/26/22, 2:00 PM)
  </h1><h2>
    Weather Requirements Are Not Optimal, NO GO
  </h2><div
    class="weatherInfo"
  >
    <p>
       Wind speed: 
      <span
        class="dataValue"
      >
        undefinedm/s
      </span>
      <span
        class="notOptimal"
      >
         Not Optimal
      </span>
    </p>
    <p>
       Chance of rain: 
      <span
        class="dataValue"
      >
        NaN%
      </span>
      <span
        class="notOptimal"
      >
         Not Optimal
      </span>
    </p>
    <p>
       Visibility: 
      <span
        class="dataValue"
      >
        Something went wrong, data is undefined
      </span>
      <span
        class="notOptimal"
      >
         Not Optimal
      </span>
    </p>
  </div>
</app-weather-data>
`;
