// Jest Snapshot v1, https://goo.gl/fbAQLP

exports[`WeatherDataComponent Should match snapshot 1`] = `
<app-weather-data
  __ngContext__="0"
  dataLocation={[Function Object]}
  dataWTime={[Function Object]}
>
  <h1>
    mike
    <br />
    (8/26/22, 2:00 PM)
  </h1><p>
    <b>
      Wind speed: 
    </b>
     undefinedm/s
  </p><p>
    <b>
      Chance of rain: 
    </b>
     5%
  </p><p>
    <b>
      Visibility: 
    </b>
     Very Poor (20m)
  </p>
</app-weather-data>
`;
